################################################################################
#                                                                              #
#      IAR Universal Linker V5.1.0.8                                           #
#                                                                              #
#           Link time     =  07/May/2013  16:32:04                             #
#           Target CPU    =  RL78                                              #
#           List file     =  Z:\RL78\livro\Cap8\Exemplo1\Debug\List\exemplo8_1 #
#                            .map                                              #
#           Output file 1 =  Z:\RL78\livro\Cap8\Exemplo1\Debug\Exe\exemplo8_1. #
#                            d87                                               #
#                            Format: debug                                     #
#                            UBROF version 10.0.3                              #
#                            Using library modules for C-SPY (-rt)             #
#           Command line  =  Z:\RL78\livro\Cap8\Exemplo1\Debug\Obj\exemplo8_1. #
#                            r87                                               #
#                            -o                                                #
#                            Z:\RL78\livro\Cap8\Exemplo1\Debug\Exe\exemplo8_1. #
#                            d87                                               #
#                            -l                                                #
#                            Z:\RL78\livro\Cap8\Exemplo1\Debug\List\exemplo8_1 #
#                            .map                                              #
#                            -xmsn                                             #
#                            "-IC:\Aquivos de Programas\IAR Systems\Embedded W #
#                            orkbench 6.0 Kickstart_0\rl78\LIB\"               #
#                            -f                                                #
#                            "C:\Aquivos de Programas\IAR Systems\Embedded Wor #
#                            kbench 6.0 Kickstart_0\rl78\CONFIG\lnkr5f100le.xc #
#                            l"                                                #
#                            (-cRL78 -Z(CODE)INTVEC=00000-0007F                #
#                            -Z(CODE)CLTVEC=00080-000BD                        #
#                            -Z(CODE)OPTBYTE=000C0-000C3                       #
#                            -Z(CODE)SECUID=000C4-000CD                        #
#                            -Z(CONST)FAR_ID#0FBFF -Z(DATA)FAR_I=FEF00-FFE1F   #
#                            -Z(CODE)RCODE,CODE=000D8-0FBFF                    #
#                            -Z(CONST)NEAR_ID=[000D8-0FBFF]/10000              #
#                            -Z(CONST)SADDR_ID=[000D8-0FBFF]/10000             #
#                            -Z(CONST)DIFUNCT=[000D8-0FBFF]/10000              #
#                            -Z(CONST)NEAR_CONST=_NEAR_CONST_LOCATION_START-_N #
#                            EAR_CONST_LOCATION_END                            #
#                            -Z(CONST)SWITCH=000D8-0FBFF                       #
#                            -P(CONST)FAR_CONST,FSWITCH=[000D8-0FBFF]/10000    #
#                            -P(CODE)XCODE=[000D8-0FBFF]/10000                 #
#                            -Z(DATA)EEPROM=F1000-F1FFF                        #
#                            -Z(DATA)WRKSEG=FFE20-FFEDF                        #
#                            -Z(DATA)SADDR_I,SADDR_Z,SADDR_N=FFE20-FFEDF       #
#                            -Z(DATA)NEAR_I,NEAR_Z,NEAR_N=FEF00-FFE1F          #
#                            -Z(DATA)FAR_Z=[FEF00-FFE1F]/10000                 #
#                            -P(DATA)FAR_N=[FEF00-FFE1F]/10000                 #
#                            -Z(DATA)NEAR_HEAP+_NEAR_HEAP_SIZE=FEF00-FFE1F     #
#                            -Z(DATA)FAR_HEAP+_FAR_HEAP_SIZE=[FEF00-FFE1F]/100 #
#                            00                                                #
#                            -Z(DATA)CSTACK+_CSTACK_SIZE=FEF00-FFE1F) -rt -s   #
#                            __program_start -D_NEAR_CONST_LOCATION=0          #
#                            -D_NEAR_CONST_LOCATION_START=2000                 #
#                            -D_NEAR_CONST_LOCATION_END=EEFF                   #
#                            "C:\Aquivos de Programas\IAR Systems\Embedded Wor #
#                            kbench 6.0 Kickstart_0\rl78\LIB\dlrl78nn1n.r87"   #
#                            -e_PrintfSmall=_Printf -e_ScanfSmall=_Scanf       #
#                            -D_CSTACK_SIZE=80 -D_NEAR_HEAP_SIZE=100           #
#                            -D_FAR_HEAP_SIZE=1000                             #
#                                                                              #
#                           Copyright (C) 1987-2011 IAR Systems AB.            #
################################################################################





                ****************************************
                *                                      *
                *           CROSS REFERENCE            *
                *                                      *
                ****************************************

       Program entry at :           000000E0  Relocatable, from module : ?CSTARTUP




                ****************************************
                *                                      *
                *            RUNTIME MODEL             *
                *                                      *
                ****************************************

  __Heap_Handler             = Basic
  __SystemLibrary            = DLib
  __code_model               = near
  __core                     = rl78_1
  __data_model               = near
  __dlib_file_descriptor     = 0
  __dlib_full_locale_support = 0
  __rt_version               = 1



                ****************************************
                *                                      *
                *              MODULE MAP              *
                *                                      *
                ****************************************


  DEFINED ABSOLUTE ENTRIES
    *************************************************************************

  DEFINED ABSOLUTE ENTRIES
  PROGRAM MODULE, NAME : ?ABS_ENTRY_MOD

Absolute parts
           ENTRY                   ADDRESS         REF BY
           =====                   =======         ======
           _FAR_HEAP_SIZE          00001000 
           _NEAR_HEAP_SIZE         00000100 
           _CSTACK_SIZE            00000080 
           _NEAR_CONST_LOCATION_END
                                   0000EEFF 
           _NEAR_CONST_LOCATION_START
                                   00002000 
           _NEAR_CONST_LOCATION    00000000        Segment part 3 (?CSTARTUP)
    *************************************************************************

  FILE NAME : Z:\RL78\livro\Cap8\Exemplo1\Debug\Obj\exemplo8_1.r87
  PROGRAM MODULE, NAME : exemplo8_1

  SEGMENTS IN THE MODULE
  ======================
SADDR_A
  Relative segment, address: 000FFF07 - 000FFF07 (0x1 bytes), align: 0
  Segment part 1. ROOT.       Intra module refs:   main
                                                   trata_ADC
           ENTRY                   ADDRESS         REF BY
           =====                   =======         ======
           _A_P7                   000FFF07 
           LOCAL                   ADDRESS         
           =====                   =======         
           P7                      000FFF07 
           P7_bit                  000FFF07 
    -------------------------------------------------------------------------
SADDR_A
  Relative segment, address: 000FFF1E - 000FFF1F (0x2 bytes), align: 0
  Segment part 2. ROOT.       Intra module refs:   trata_ADC
           ENTRY                   ADDRESS         REF BY
           =====                   =======         ======
           _A_ADCR                 000FFF1E 
           LOCAL                   ADDRESS         
           =====                   =======         
           ADCR                    000FFF1E 
           ADCRH                   000FFF1F 
    -------------------------------------------------------------------------
NEAR_A
  Relative segment, address: 000FFF27 - 000FFF27 (0x1 bytes), align: 0
  Segment part 3. ROOT.       Intra module refs:   main
           ENTRY                   ADDRESS         REF BY
           =====                   =======         ======
           _A_PM7                  000FFF27 
           LOCAL                   ADDRESS         
           =====                   =======         
           PM7                     000FFF27 
           PM7_bit                 000FFF27 
    -------------------------------------------------------------------------
NEAR_A
  Relative segment, address: 000FFF30 - 000FFF30 (0x1 bytes), align: 0
  Segment part 4. ROOT.       Intra module refs:   main
           ENTRY                   ADDRESS         REF BY
           =====                   =======         ======
           _A_ADM0                 000FFF30 
           LOCAL                   ADDRESS         
           =====                   =======         
           ADM0                    000FFF30 
           ADM0_bit                000FFF30 
    -------------------------------------------------------------------------
NEAR_A
  Relative segment, address: 000FFF31 - 000FFF31 (0x1 bytes), align: 0
  Segment part 5. ROOT.       Intra module refs:   main
           ENTRY                   ADDRESS         REF BY
           =====                   =======         ======
           _A_ADS                  000FFF31 
           LOCAL                   ADDRESS         
           =====                   =======         
           ADS                     000FFF31 
           ADS_bit                 000FFF31 
    -------------------------------------------------------------------------
NEAR_A
  Relative segment, address: 000FFF32 - 000FFF32 (0x1 bytes), align: 0
  Segment part 6. ROOT.       Intra module refs:   main
           ENTRY                   ADDRESS         REF BY
           =====                   =======         ======
           _A_ADM1                 000FFF32 
           LOCAL                   ADDRESS         
           =====                   =======         
           ADM1                    000FFF32 
           ADM1_bit                000FFF32 
    -------------------------------------------------------------------------
NEAR_A
  Relative segment, address: 000FFFE6 - 000FFFE7 (0x2 bytes), align: 0
  Segment part 7. ROOT.       Intra module refs:   main
           ENTRY                   ADDRESS         REF BY
           =====                   =======         ======
           _A_MK1                  000FFFE6 
           LOCAL                   ADDRESS         
           =====                   =======         
           MK1                     000FFFE6 
           MK1H                    000FFFE7 
           MK1H_bit                000FFFE7 
           MK1L                    000FFFE6 
           MK1L_bit                000FFFE6 
    -------------------------------------------------------------------------
NEAR_A
  Relative segment, address: 000F0076 - 000F0076 (0x1 bytes), align: 0
  Segment part 8. ROOT.       Intra module refs:   main
           ENTRY                   ADDRESS         REF BY
           =====                   =======         ======
           ADPC                    000F0076 
    -------------------------------------------------------------------------
NEAR_A
  Relative segment, address: 000F00F0 - 000F00F0 (0x1 bytes), align: 0
  Segment part 9. ROOT.       Intra module refs:   main
           ENTRY                   ADDRESS         REF BY
           =====                   =======         ======
           _A_PER0                 000F00F0 
           LOCAL                   ADDRESS         
           =====                   =======         
           PER0                    000F00F0 
           PER0_bit                000F00F0 
    -------------------------------------------------------------------------
OPTBYTE
  Relative segment, address: 000000C0 - 000000C0 (0x1 bytes), align: 0
  Segment part 12. ROOT.
           ENTRY                   ADDRESS         REF BY
           =====                   =======         ======
           opbyte0                 000000C0 
    -------------------------------------------------------------------------
OPTBYTE
  Relative segment, address: 000000C1 - 000000C1 (0x1 bytes), align: 0
  Segment part 13. ROOT.
           ENTRY                   ADDRESS         REF BY
           =====                   =======         ======
           opbyte1                 000000C1 
    -------------------------------------------------------------------------
OPTBYTE
  Relative segment, address: 000000C2 - 000000C2 (0x1 bytes), align: 0
  Segment part 14. ROOT.
           ENTRY                   ADDRESS         REF BY
           =====                   =======         ======
           opbyte2                 000000C2 
    -------------------------------------------------------------------------
OPTBYTE
  Relative segment, address: 000000C3 - 000000C3 (0x1 bytes), align: 0
  Segment part 15. ROOT.
           ENTRY                   ADDRESS         REF BY
           =====                   =======         ======
           opbyte3                 000000C3 
    -------------------------------------------------------------------------
SECUID
  Relative segment, address: 000000C4 - 000000CD (0xa bytes), align: 1
  Segment part 16. ROOT.
           ENTRY                   ADDRESS         REF BY
           =====                   =======         ======
           senha                   000000C4 
    -------------------------------------------------------------------------
CODE
  Relative segment, address: 0000012C - 00000140 (0x15 bytes), align: 0
  Segment part 17.            Intra module refs:   trata_ADC::??INTVEC 52
           ENTRY                   ADDRESS         REF BY
           =====                   =======         ======
           trata_ADC               0000012C 
               interrupt function
               CSTACK = 00000000 ( 00000002 )
    -------------------------------------------------------------------------
CODE
  Relative segment, address: 00000141 - 00000163 (0x23 bytes), align: 0
  Segment part 18.
           ENTRY                   ADDRESS         REF BY
           =====                   =======         ======
           main                    00000141        Segment part 1 (?__MAIN_CALL)
    -------------------------------------------------------------------------
INTVEC
  Common segment, address: 00000000 - 00000035 (0x36 bytes), align: 1
  Segment part 10. ROOT.
           ENTRY                   ADDRESS         REF BY
           =====                   =======         ======
           trata_ADC::??INTVEC 52
                                   00000034 

    *************************************************************************

  FILE NAME : C:\Aquivos de Programas\IAR Systems\Embedded Workbench 6.0 Kickstart_0\rl78\LIB\dlrl78nn1n.r87
  LIBRARY MODULE, NAME : ?__dbg_break

  SEGMENTS IN THE MODULE
  ======================
CODE
  Relative segment, address: 00000164 - 00000166 (0x3 bytes), align: 0
  Segment part 2.
           ENTRY                   ADDRESS         REF BY
           =====                   =======         ======
           __DebugBreak            00000164        __exit (?__exit)

    -------------------------------------------------------------------------
  LIBRARY MODULE, NAME : ?__exit

  SEGMENTS IN THE MODULE
  ======================
CODE
  Relative segment, address: 00000167 - 00000176 (0x10 bytes), align: 0
  Segment part 2.
           ENTRY                   ADDRESS         REF BY
           =====                   =======         ======
           __exit                  00000167        Segment part 3 (?_exit)
               calls direct

    -------------------------------------------------------------------------
  LIBRARY MODULE, NAME : ?_exit

  SEGMENTS IN THE MODULE
  ======================
RCODE
  Relative segment, address: 000000D8 - 000000DB (0x4 bytes), align: 0
  Segment part 1.
           ENTRY                   ADDRESS         REF BY
           =====                   =======         ======
           __cstart_call_dtors     000000D9 
           _exit                   000000D8        exit (?exit)
    -------------------------------------------------------------------------
RCODE
  Relative segment, address: 000000DC - 000000DF (0x4 bytes), align: 0
  Segment part 3.             Intra module refs:   Segment part 1

    -------------------------------------------------------------------------
  LIBRARY MODULE, NAME : ?cppinit

  SEGMENTS IN THE MODULE
  ======================
NEAR_Z
  Relative segment, address: 000FEF00 - 000FEF01 (0x2 bytes), align: 1
  Segment part 2.             Intra module refs:   __call_dtors
    -------------------------------------------------------------------------
CODE
  Relative segment, address: 00000177 - 000001A4 (0x2e bytes), align: 0
  Segment part 7.
           ENTRY                   ADDRESS         REF BY
           =====                   =======         ======
           __call_dtors            00000177        Segment part 1 (?_exit)
               calls indirect
               CSTACK = 00000000 ( 00000002 )

    -------------------------------------------------------------------------
  LIBRARY MODULE, NAME : ?CSTARTUP

  SEGMENTS IN THE MODULE
  ======================
CSTACK
  Relative segment, address: 000FEF02, align: 1
  Segment part 1. ROOT.
    -------------------------------------------------------------------------
INTVEC
  Common segment, address: 00000000 - 00000001 (0x2 bytes), align: 1
  Segment part 2. ROOT.
    -------------------------------------------------------------------------
RCODE
  Relative segment, address: 000000E0 - 0000010E (0x2f bytes), align: 0
  Segment part 3. ROOT.       Intra module refs:   Segment part 2
           ENTRY                   ADDRESS         REF BY
           =====                   =======         ======
           ?C_STARTUP              000000E0 
           @cstart                 000000E0 
           __program_start         000000E0        Absolute parts (?ABS_ENTRY_MOD)

    -------------------------------------------------------------------------
  LIBRARY MODULE, NAME : ?__INIT_FAR_Z

  SEGMENTS IN THE MODULE
  ======================
FAR_Z
  Relative segment, address: 000FEF02, align: 0
  Segment part 1. ROOT.

    -------------------------------------------------------------------------
  LIBRARY MODULE, NAME : ?__INIT_NEAR_Z

  SEGMENTS IN THE MODULE
  ======================
NEAR_Z
  Relative segment, address: 000FEF02, align: 0
  Segment part 1. ROOT.
    -------------------------------------------------------------------------
RCODE
  Relative segment, address: 0000010F - 00000121 (0x13 bytes), align: 0
  Segment part 2.
           ENTRY                   ADDRESS         REF BY
           =====                   =======         ======
           __INIT_NEAR_Z           0000010F        Segment part 2 (?cppinit)

    -------------------------------------------------------------------------
  LIBRARY MODULE, NAME : ?__MAIN_CALL

  SEGMENTS IN THE MODULE
  ======================
RCODE
  Relative segment, address: 00000122 - 00000127 (0x6 bytes), align: 0
  Segment part 1.
           ENTRY                   ADDRESS         REF BY
           =====                   =======         ======
           @cend                   00000128 
           __MAIN_CALL             00000122        Segment part 3 (?CSTARTUP)

    -------------------------------------------------------------------------
  LIBRARY MODULE, NAME : ?__low_level_init_stub

  SEGMENTS IN THE MODULE
  ======================
RCODE
  Relative segment, address: 00000128 - 0000012B (0x4 bytes), align: 0
  Segment part 1.
           ENTRY                   ADDRESS         REF BY
           =====                   =======         ======
           __low_level_init        00000128        Segment part 3 (?CSTARTUP)

    -------------------------------------------------------------------------
  LIBRARY MODULE, NAME : ?exit

  SEGMENTS IN THE MODULE
  ======================
CODE
  Relative segment, address: 000001A5 - 000001A7 (0x3 bytes), align: 0
  Segment part 2.
           ENTRY                   ADDRESS         REF BY
           =====                   =======         ======
           exit                    000001A5        Segment part 1 (?__MAIN_CALL)
               calls direct

    -------------------------------------------------------------------------
  PROGRAM MODULE, NAME : m_fcom5

  SEGMENTS IN THE MODULE
  ======================
__aseg
  Relative segment, address: 00000000, align: 0
  Segment part 1. ROOT.

    -------------------------------------------------------------------------
  LIBRARY MODULE, NAME : ?CLRL78_V1_0_L00

Absolute parts
           ENTRY                   ADDRESS         REF BY
           =====                   =======         ======
           ?CLRL78_V1_0_L00        FFFFFFFF        __DebugBreak (?__dbg_break)
                                                   __call_dtors (?cppinit)
                                                   __exit (?__exit)
                                                   exit (?exit)
                                                   main (exemplo8_1)
                                                   trata_ADC (exemplo8_1)
  SEGMENTS IN THE MODULE
  ======================
__aseg
  Relative segment, address: 00000000, align: 0
  Segment part 1. ROOT.

    -------------------------------------------------------------------------
  LIBRARY MODULE, NAME : ?ULONG_CMP_L03

  SEGMENTS IN THE MODULE
  ======================
__aseg
  Relative segment, address: 00000000, align: 0
  Segment part 1. ROOT.

    -------------------------------------------------------------------------
  LIBRARY MODULE, NAME : ?FUNCTION_LEAVE_L06

  SEGMENTS IN THE MODULE
  ======================
__aseg
  Relative segment, address: 00000000, align: 0
  Segment part 1. ROOT.

    -------------------------------------------------------------------------
  LIBRARY MODULE, NAME : ?MOVE_LONG_OBJECT_L06

  SEGMENTS IN THE MODULE
  ======================
__aseg
  Relative segment, address: 00000000, align: 0
  Segment part 1. ROOT.

    -------------------------------------------------------------------------
  LIBRARY MODULE, NAME : ?LONG_FLOAT_DEALLOC_STAT_L06

  SEGMENTS IN THE MODULE
  ======================
__aseg
  Relative segment, address: 00000000, align: 0
  Segment part 1. ROOT.

    -------------------------------------------------------------------------
  LIBRARY MODULE, NAME : ?WRKSEG_DEFINE_L09

  SEGMENTS IN THE MODULE
  ======================
__aseg
  Relative segment, address: 00000000, align: 0
  Segment part 1. ROOT.

    -------------------------------------------------------------------------
  PROGRAM MODULE, NAME : m_fcom6

  SEGMENTS IN THE MODULE
  ======================
__aseg
  Relative segment, address: 00000000, align: 0
  Segment part 1. ROOT.




                ****************************************
                *                                      *
                *            MODULE SUMMARY            *
                *                                      *
                ****************************************

Module                   CODE      DATA
------                   ----      ----
                        (Rel)  (Rel)  (Abs)
?CSTARTUP                  47
  + common                  2
?__INIT_NEAR_Z             19
?__MAIN_CALL                6
?__dbg_break                3
?__exit                    16
?__low_level_init_stub      4
?_exit                      8
?cppinit                   46      2
?exit                       3
exemplo8_1                 70            11
  + common                 54
N/A (command line)               128
N/A (alignment)
----------                ---    ---     --
Total:                    222    130     11
  + common                 54


                ****************************************
                *                                      *
                *      SEGMENTS IN ADDRESS ORDER       *
                *                                      *
                ****************************************


SEGMENT              SPACE    START ADDRESS   END ADDRESS     SIZE  TYPE  ALIGN
=======              =====    =============   ===========     ====  ====  =====
__aseg                                  00000000                     rel    0
INTVEC                             00000000 - 00000035          36   com    1
OPTBYTE                            000000C0 - 000000C3           4   rel    0
SECUID                             000000C4 - 000000CD           A   rel    1
RCODE                              000000D8 - 0000012B          54   rel    0
CODE                               0000012C - 000001A7          7C   rel    0
NEAR_A                             000F0076 - 000F0076           1   rel    0
                                   000F00F0 - 000F00F0           1 
NEAR_I                                  000FEF00                     dse    0
NEAR_Z                             000FEF00 - 000FEF01           2   rel    1
FAR_Z                                   000FEF02                     rel    0
CSTACK                             000FEF02 - 000FEF81          80   rel    1
SADDR_A                            000FFF07 - 000FFF07           1   rel    0
                                   000FFF1E - 000FFF1F           2 
NEAR_A                             000FFF27 - 000FFF27           1   rel    0
                                   000FFF30 - 000FFF32           3 
NEAR_A                             000FFFE6 - 000FFFE7           2   rel    0

                ****************************************
                *                                      *
                *        END OF CROSS REFERENCE        *
                *                                      *
                ****************************************

 276 bytes of CODE memory
 130 bytes of DATA memory (+ 11 absolute )

Errors: none
Warnings: none

