################################################################################
#                                                                              #
#      IAR Universal Linker V5.1.0.8                                           #
#                                                                              #
#           Link time     =  16/May/2013  19:31:22                             #
#           Target CPU    =  RL78                                              #
#           List file     =  Z:\RL78\livro\Cap11\Exemplo4\Debug\List\exemplo11 #
#                            _4.map                                            #
#           Output file 1 =  Z:\RL78\livro\Cap11\Exemplo4\Debug\Exe\exemplo11_ #
#                            4.d87                                             #
#                            Format: debug                                     #
#                            UBROF version 10.0.3                              #
#                            Using library modules for C-SPY (-rt)             #
#           Command line  =  Z:\RL78\livro\Cap11\Exemplo4\Debug\Obj\exemplo11_ #
#                            4.r87                                             #
#                            -o                                                #
#                            Z:\RL78\livro\Cap11\Exemplo4\Debug\Exe\exemplo11_ #
#                            4.d87                                             #
#                            -l                                                #
#                            Z:\RL78\livro\Cap11\Exemplo4\Debug\List\exemplo11 #
#                            _4.map                                            #
#                            -xmsn                                             #
#                            "-IC:\Aquivos de Programas\IAR Systems\Embedded W #
#                            orkbench 6.0 Kickstart_0\rl78\LIB\"               #
#                            -f                                                #
#                            "C:\Aquivos de Programas\IAR Systems\Embedded Wor #
#                            kbench 6.0 Kickstart_0\rl78\CONFIG\lnkr5f100le.xc #
#                            l"                                                #
#                            (-cRL78 -Z(CODE)INTVEC=00000-0007F                #
#                            -Z(CODE)CLTVEC=00080-000BD                        #
#                            -Z(CODE)OPTBYTE=000C0-000C3                       #
#                            -Z(CODE)SECUID=000C4-000CD                        #
#                            -Z(CONST)FAR_ID#0FBFF -Z(DATA)FAR_I=FEF00-FFE1F   #
#                            -Z(CODE)RCODE,CODE=000D8-0FBFF                    #
#                            -Z(CONST)NEAR_ID=[000D8-0FBFF]/10000              #
#                            -Z(CONST)SADDR_ID=[000D8-0FBFF]/10000             #
#                            -Z(CONST)DIFUNCT=[000D8-0FBFF]/10000              #
#                            -Z(CONST)NEAR_CONST=_NEAR_CONST_LOCATION_START-_N #
#                            EAR_CONST_LOCATION_END                            #
#                            -Z(CONST)SWITCH=000D8-0FBFF                       #
#                            -P(CONST)FAR_CONST,FSWITCH=[000D8-0FBFF]/10000    #
#                            -P(CODE)XCODE=[000D8-0FBFF]/10000                 #
#                            -Z(DATA)EEPROM=F1000-F1FFF                        #
#                            -Z(DATA)WRKSEG=FFE20-FFEDF                        #
#                            -Z(DATA)SADDR_I,SADDR_Z,SADDR_N=FFE20-FFEDF       #
#                            -Z(DATA)NEAR_I,NEAR_Z,NEAR_N=FEF00-FFE1F          #
#                            -Z(DATA)FAR_Z=[FEF00-FFE1F]/10000                 #
#                            -P(DATA)FAR_N=[FEF00-FFE1F]/10000                 #
#                            -Z(DATA)NEAR_HEAP+_NEAR_HEAP_SIZE=FEF00-FFE1F     #
#                            -Z(DATA)FAR_HEAP+_FAR_HEAP_SIZE=[FEF00-FFE1F]/100 #
#                            00                                                #
#                            -Z(DATA)CSTACK+_CSTACK_SIZE=FEF00-FFE1F) -rt -s   #
#                            __program_start -D_NEAR_CONST_LOCATION=0          #
#                            -D_NEAR_CONST_LOCATION_START=2000                 #
#                            -D_NEAR_CONST_LOCATION_END=EEFF                   #
#                            "C:\Aquivos de Programas\IAR Systems\Embedded Wor #
#                            kbench 6.0 Kickstart_0\rl78\LIB\dlrl78nn1n.r87"   #
#                            -e_PrintfSmall=_Printf -e_ScanfSmall=_Scanf       #
#                            -D_CSTACK_SIZE=80 -D_NEAR_HEAP_SIZE=100           #
#                            -D_FAR_HEAP_SIZE=1000                             #
#                                                                              #
#                           Copyright (C) 1987-2011 IAR Systems AB.            #
################################################################################





                ****************************************
                *                                      *
                *           CROSS REFERENCE            *
                *                                      *
                ****************************************

       Program entry at :           000000E0  Relocatable, from module : ?CSTARTUP




                ****************************************
                *                                      *
                *            RUNTIME MODEL             *
                *                                      *
                ****************************************

  __Heap_Handler             = Basic
  __SystemLibrary            = DLib
  __code_model               = near
  __core                     = rl78_1
  __data_model               = near
  __dlib_file_descriptor     = 0
  __dlib_full_locale_support = 0
  __rt_version               = 1



                ****************************************
                *                                      *
                *              MODULE MAP              *
                *                                      *
                ****************************************


  DEFINED ABSOLUTE ENTRIES
    *************************************************************************

  DEFINED ABSOLUTE ENTRIES
  PROGRAM MODULE, NAME : ?ABS_ENTRY_MOD

Absolute parts
           ENTRY                   ADDRESS         REF BY
           =====                   =======         ======
           _FAR_HEAP_SIZE          00001000 
           _NEAR_HEAP_SIZE         00000100 
           _CSTACK_SIZE            00000080 
           _NEAR_CONST_LOCATION_END
                                   0000EEFF 
           _NEAR_CONST_LOCATION_START
                                   00002000 
           _NEAR_CONST_LOCATION    00000000        Segment part 3 (?CSTARTUP)
    *************************************************************************

  FILE NAME : Z:\RL78\livro\Cap11\Exemplo4\Debug\Obj\exemplo11_4.r87
  PROGRAM MODULE, NAME : exemplo11_4

  SEGMENTS IN THE MODULE
  ======================
SADDR_A
  Relative segment, address: 000FFF04 - 000FFF04 (0x1 bytes), align: 0
  Segment part 1. ROOT.       Intra module refs:   main
                                                   trata_TAU0_canal0
           ENTRY                   ADDRESS         REF BY
           =====                   =======         ======
           _A_P4                   000FFF04 
           LOCAL                   ADDRESS         
           =====                   =======         
           P4                      000FFF04 
           P4_bit                  000FFF04 
    -------------------------------------------------------------------------
SADDR_A
  Relative segment, address: 000FFF05 - 000FFF05 (0x1 bytes), align: 0
  Segment part 2. ROOT.       Intra module refs:   LCD_init
                                                   LCD_send4
                                                   LCD_send8
           ENTRY                   ADDRESS         REF BY
           =====                   =======         ======
           _A_P5                   000FFF05 
           LOCAL                   ADDRESS         
           =====                   =======         
           P5                      000FFF05 
           P5_bit                  000FFF05 
    -------------------------------------------------------------------------
SADDR_A
  Relative segment, address: 000FFF07 - 000FFF07 (0x1 bytes), align: 0
  Segment part 3. ROOT.       Intra module refs:   LCD_init
                                                   LCD_send4
           ENTRY                   ADDRESS         REF BY
           =====                   =======         ======
           _A_P7                   000FFF07 
           LOCAL                   ADDRESS         
           =====                   =======         
           P7                      000FFF07 
           P7_bit                  000FFF07 
    -------------------------------------------------------------------------
SADDR_A
  Relative segment, address: 000FFF18 - 000FFF19 (0x2 bytes), align: 0
  Segment part 4. ROOT.       Intra module refs:   TAU_init
                                                   trata_TAU0_canal0
           ENTRY                   ADDRESS         REF BY
           =====                   =======         ======
           TDR00                   000FFF18 
    -------------------------------------------------------------------------
NEAR_A
  Relative segment, address: 000FFF24 - 000FFF24 (0x1 bytes), align: 0
  Segment part 5. ROOT.       Intra module refs:   SYS_init
           ENTRY                   ADDRESS         REF BY
           =====                   =======         ======
           _A_PM4                  000FFF24 
           LOCAL                   ADDRESS         
           =====                   =======         
           PM4                     000FFF24 
           PM4_bit                 000FFF24 
    -------------------------------------------------------------------------
NEAR_A
  Relative segment, address: 000FFF25 - 000FFF25 (0x1 bytes), align: 0
  Segment part 6. ROOT.       Intra module refs:   LCD_init
           ENTRY                   ADDRESS         REF BY
           =====                   =======         ======
           _A_PM5                  000FFF25 
           LOCAL                   ADDRESS         
           =====                   =======         
           PM5                     000FFF25 
           PM5_bit                 000FFF25 
    -------------------------------------------------------------------------
NEAR_A
  Relative segment, address: 000FFF27 - 000FFF27 (0x1 bytes), align: 0
  Segment part 7. ROOT.       Intra module refs:   LCD_init
           ENTRY                   ADDRESS         REF BY
           =====                   =======         ======
           _A_PM7                  000FFF27 
           LOCAL                   ADDRESS         
           =====                   =======         
           PM7                     000FFF27 
           PM7_bit                 000FFF27 
    -------------------------------------------------------------------------
NEAR_A
  Relative segment, address: 000FFF68 - 000FFF69 (0x2 bytes), align: 0
  Segment part 8. ROOT.       Intra module refs:   trata_TAU0_canal4
           ENTRY                   ADDRESS         REF BY
           =====                   =======         ======
           TDR04                   000FFF68 
    -------------------------------------------------------------------------
NEAR_A
  Relative segment, address: 000FFFE6 - 000FFFE7 (0x2 bytes), align: 0
  Segment part 9. ROOT.       Intra module refs:   TAU_init
           ENTRY                   ADDRESS         REF BY
           =====                   =======         ======
           _A_MK1                  000FFFE6 
           LOCAL                   ADDRESS         
           =====                   =======         
           MK1                     000FFFE6 
           MK1H                    000FFFE7 
           MK1H_bit                000FFFE7 
           MK1L                    000FFFE6 
           MK1L_bit                000FFFE6 
    -------------------------------------------------------------------------
NEAR_A
  Relative segment, address: 000F00F0 - 000F00F0 (0x1 bytes), align: 0
  Segment part 10. ROOT.      Intra module refs:   TAU_init
           ENTRY                   ADDRESS         REF BY
           =====                   =======         ======
           _A_PER0                 000F00F0 
           LOCAL                   ADDRESS         
           =====                   =======         
           PER0                    000F00F0 
           PER0_bit                000F00F0 
    -------------------------------------------------------------------------
NEAR_A
  Relative segment, address: 000F0190 - 000F0191 (0x2 bytes), align: 0
  Segment part 11. ROOT.      Intra module refs:   TAU_init
           ENTRY                   ADDRESS         REF BY
           =====                   =======         ======
           TMR00                   000F0190 
    -------------------------------------------------------------------------
NEAR_A
  Relative segment, address: 000F0198 - 000F0199 (0x2 bytes), align: 0
  Segment part 12. ROOT.      Intra module refs:   TAU_init
           ENTRY                   ADDRESS         REF BY
           =====                   =======         ======
           TMR04                   000F0198 
    -------------------------------------------------------------------------
NEAR_A
  Relative segment, address: 000F01B2 - 000F01B3 (0x2 bytes), align: 0
  Segment part 13. ROOT.      Intra module refs:   TAU_init
                                                   main
                                                   trata_TAU0_canal0
           ENTRY                   ADDRESS         REF BY
           =====                   =======         ======
           _A_TS0                  000F01B2 
           LOCAL                   ADDRESS         
           =====                   =======         
           TS0                     000F01B2 
           TS0L                    000F01B2 
           TS0L_bit                000F01B2 
    -------------------------------------------------------------------------
NEAR_A
  Relative segment, address: 000F01B6 - 000F01B7 (0x2 bytes), align: 0
  Segment part 14. ROOT.      Intra module refs:   TAU_init
           ENTRY                   ADDRESS         REF BY
           =====                   =======         ======
           TPS0                    000F01B6 
    -------------------------------------------------------------------------
CODE
  Relative segment, address: 0000037E - 00000392 (0x15 bytes), align: 0
  Segment part 29.            Intra module refs:   LCD_init
                                                   LCD_send8
                                                   LCD_write_char
           ENTRY                   ADDRESS         REF BY
           =====                   =======         ======
           LCD_delay_ms            0000037E 
               CSTACK = 00000004 ( 00000000 )
    -------------------------------------------------------------------------
CODE
  Relative segment, address: 00000393 - 0000039D (0xb bytes), align: 0
  Segment part 30.            Intra module refs:   LCD_init
                                                   LCD_send8
           ENTRY                   ADDRESS         REF BY
           =====                   =======         ======
           LCD_send4               00000393 
               CSTACK = 00000004 ( 00000000 )
    -------------------------------------------------------------------------
CODE
  Relative segment, address: 0000039E - 000003BA (0x1d bytes), align: 0
  Segment part 31.            Intra module refs:   LCD_init
                                                   LCD_pos_xy
                                                   LCD_write_char
           ENTRY                   ADDRESS         REF BY
           =====                   =======         ======
           LCD_send8               0000039E 
               calls direct
               CSTACK = 00000004 ( 00000002 )
    -------------------------------------------------------------------------
CODE
  Relative segment, address: 000003BB - 0000040A (0x50 bytes), align: 0
  Segment part 32.            Intra module refs:   SYS_init
           ENTRY                   ADDRESS         REF BY
           =====                   =======         ======
           LCD_init                000003BB 
               calls direct
               CSTACK = 00000002 ( 00000004 )
    -------------------------------------------------------------------------
CODE
  Relative segment, address: 0000040B - 00000421 (0x17 bytes), align: 0
  Segment part 33.            Intra module refs:   LCD_write_char
                                                   main
           ENTRY                   ADDRESS         REF BY
           =====                   =======         ======
           LCD_pos_xy              0000040B 
               calls direct
               CSTACK = 00000002 ( 00000002 )
    -------------------------------------------------------------------------
CODE
  Relative segment, address: 00000422 - 00000449 (0x28 bytes), align: 0
  Segment part 34.            Intra module refs:   LCD_write_frac_int
                                                   LCD_write_string
                                                   SYS_init
           ENTRY                   ADDRESS         REF BY
           =====                   =======         ======
           LCD_write_char          00000422 
               calls direct
               CSTACK = 00000008 ( 00000002 )
    -------------------------------------------------------------------------
CODE
  Relative segment, address: 0000044A - 00000458 (0xf bytes), align: 0
  Segment part 35.            Intra module refs:   main
           ENTRY                   ADDRESS         REF BY
           =====                   =======         ======
           LCD_write_string        0000044A 
               calls direct
               CSTACK = 00000002 ( 00000002 )
    -------------------------------------------------------------------------
OPTBYTE
  Relative segment, address: 000000C0 - 000000C0 (0x1 bytes), align: 0
  Segment part 21. ROOT.
           ENTRY                   ADDRESS         REF BY
           =====                   =======         ======
           opbyte0                 000000C0 
    -------------------------------------------------------------------------
OPTBYTE
  Relative segment, address: 000000C1 - 000000C1 (0x1 bytes), align: 0
  Segment part 22. ROOT.
           ENTRY                   ADDRESS         REF BY
           =====                   =======         ======
           opbyte1                 000000C1 
    -------------------------------------------------------------------------
OPTBYTE
  Relative segment, address: 000000C2 - 000000C2 (0x1 bytes), align: 0
  Segment part 23. ROOT.
           ENTRY                   ADDRESS         REF BY
           =====                   =======         ======
           opbyte2                 000000C2 
    -------------------------------------------------------------------------
OPTBYTE
  Relative segment, address: 000000C3 - 000000C3 (0x1 bytes), align: 0
  Segment part 24. ROOT.
           ENTRY                   ADDRESS         REF BY
           =====                   =======         ======
           opbyte3                 000000C3 
    -------------------------------------------------------------------------
SECUID
  Relative segment, address: 000000C4 - 000000CD (0xa bytes), align: 1
  Segment part 25. ROOT.
           ENTRY                   ADDRESS         REF BY
           =====                   =======         ======
           senha                   000000C4 
    -------------------------------------------------------------------------
NEAR_Z
  Relative segment, address: 000FEF00 - 000FEF01 (0x2 bytes), align: 1
  Segment part 26.            Intra module refs:   main
                                                   trata_TAU0_canal0
                                                   trata_TAU0_canal4
           ENTRY                   ADDRESS         REF BY
           =====                   =======         ======
           interval                000FEF00 
    -------------------------------------------------------------------------
NEAR_Z
  Relative segment, address: 000FEF02 - 000FEF05 (0x4 bytes), align: 1
  Segment part 27.            Intra module refs:   main
           ENTRY                   ADDRESS         REF BY
           =====                   =======         ======
           distance                000FEF02 
    -------------------------------------------------------------------------
SADDR_Z
  Relative segment, address: 000FFE20 - 000FFE20 (0x1 bytes), align: 0
  Segment part 28.            Intra module refs:   main
                                                   trata_TAU0_canal0
                                                   trata_TAU0_canal4
           ENTRY                   ADDRESS         REF BY
           =====                   =======         ======
           bits                    000FFE20 
    -------------------------------------------------------------------------
CODE
  Relative segment, address: 00000459 - 0000048C (0x34 bytes), align: 0
  Segment part 36.            Intra module refs:   trata_TAU0_canal0::??INTVEC 44
           ENTRY                   ADDRESS         REF BY
           =====                   =======         ======
           trata_TAU0_canal0       00000459 
               interrupt function
               CSTACK = 00000000 ( 00000002 )
    -------------------------------------------------------------------------
CODE
  Relative segment, address: 0000048D - 000004A7 (0x1b bytes), align: 0
  Segment part 37.            Intra module refs:   trata_TAU0_canal4::??INTVEC 66
           ENTRY                   ADDRESS         REF BY
           =====                   =======         ======
           trata_TAU0_canal4       0000048D 
               interrupt function
               CSTACK = 00000000 ( 00000002 )
    -------------------------------------------------------------------------
CODE
  Relative segment, address: 000004A8 - 00000506 (0x5f bytes), align: 0
  Segment part 38.            Intra module refs:   main
           ENTRY                   ADDRESS         REF BY
           =====                   =======         ======
           LCD_write_frac_int      000004A8 
               calls direct
               CSTACK = 00000002 ( 00000008 )
    -------------------------------------------------------------------------
CODE
  Relative segment, address: 00000507 - 0000052B (0x25 bytes), align: 0
  Segment part 39.            Intra module refs:   SYS_init
           ENTRY                   ADDRESS         REF BY
           =====                   =======         ======
           TAU_init                00000507 
               CSTACK = 00000002 ( 00000000 )
    -------------------------------------------------------------------------
CODE
  Relative segment, address: 0000052C - 00000543 (0x18 bytes), align: 0
  Segment part 40.            Intra module refs:   main
           ENTRY                   ADDRESS         REF BY
           =====                   =======         ======
           SYS_init                0000052C 
               calls direct
               CSTACK = 00000002 ( 00000002 )
    -------------------------------------------------------------------------
CODE
  Relative segment, address: 00000544 - 000005AB (0x68 bytes), align: 0
  Segment part 41.
           ENTRY                   ADDRESS         REF BY
           =====                   =======         ======
           main                    00000544        Segment part 1 (?__MAIN_CALL)
               calls direct
               CSTACK = 00000000 ( 0000000A )
    -------------------------------------------------------------------------
INTVEC
  Common segment, address: 00000000 - 0000002D (0x2e bytes), align: 1
  Segment part 15. ROOT.
           ENTRY                   ADDRESS         REF BY
           =====                   =======         ======
           trata_TAU0_canal0::??INTVEC 44
                                   0000002C 
    -------------------------------------------------------------------------
INTVEC
  Common segment, address: 00000000 - 00000043 (0x44 bytes), align: 1
  Segment part 16. ROOT.
           ENTRY                   ADDRESS         REF BY
           =====                   =======         ======
           trata_TAU0_canal4::??INTVEC 66
                                   00000042 
    -------------------------------------------------------------------------
NEAR_CONST
  Relative segment, address: 00002000 - 00002007 (0x8 bytes), align: 1
  Segment part 18.            Intra module refs:   main
    -------------------------------------------------------------------------
NEAR_CONST
  Relative segment, address: 00002008 - 0000200D (0x6 bytes), align: 1
  Segment part 19.            Intra module refs:   main
    -------------------------------------------------------------------------
NEAR_CONST
  Relative segment, address: 0000200E - 00002017 (0xa bytes), align: 1
  Segment part 20.            Intra module refs:   main

    *************************************************************************

  FILE NAME : C:\Aquivos de Programas\IAR Systems\Embedded Workbench 6.0 Kickstart_0\rl78\LIB\dlrl78nn1n.r87
  LIBRARY MODULE, NAME : ?__dbg_break

  SEGMENTS IN THE MODULE
  ======================
CODE
  Relative segment, address: 000005AC - 000005AE (0x3 bytes), align: 0
  Segment part 2.
           ENTRY                   ADDRESS         REF BY
           =====                   =======         ======
           __DebugBreak            000005AC        __exit (?__exit)

    -------------------------------------------------------------------------
  LIBRARY MODULE, NAME : ?__exit

  SEGMENTS IN THE MODULE
  ======================
CODE
  Relative segment, address: 000005AF - 000005BE (0x10 bytes), align: 0
  Segment part 2.
           ENTRY                   ADDRESS         REF BY
           =====                   =======         ======
           __exit                  000005AF        Segment part 3 (?_exit)
               calls direct

    -------------------------------------------------------------------------
  LIBRARY MODULE, NAME : ?_exit

  SEGMENTS IN THE MODULE
  ======================
RCODE
  Relative segment, address: 000000D8 - 000000DB (0x4 bytes), align: 0
  Segment part 1.
           ENTRY                   ADDRESS         REF BY
           =====                   =======         ======
           __cstart_call_dtors     000000D9 
           _exit                   000000D8        exit (?exit)
    -------------------------------------------------------------------------
RCODE
  Relative segment, address: 000000DC - 000000DF (0x4 bytes), align: 0
  Segment part 3.             Intra module refs:   Segment part 1

    -------------------------------------------------------------------------
  LIBRARY MODULE, NAME : ?cppinit

  SEGMENTS IN THE MODULE
  ======================
NEAR_Z
  Relative segment, address: 000FEF06 - 000FEF07 (0x2 bytes), align: 1
  Segment part 2.             Intra module refs:   __call_dtors
    -------------------------------------------------------------------------
CODE
  Relative segment, address: 000005BF - 000005EC (0x2e bytes), align: 0
  Segment part 7.
           ENTRY                   ADDRESS         REF BY
           =====                   =======         ======
           __call_dtors            000005BF        Segment part 1 (?_exit)
               calls indirect
               CSTACK = 00000000 ( 00000002 )

    -------------------------------------------------------------------------
  LIBRARY MODULE, NAME : ?CSTARTUP

  SEGMENTS IN THE MODULE
  ======================
CSTACK
  Relative segment, address: 000FEF08, align: 1
  Segment part 1. ROOT.
    -------------------------------------------------------------------------
INTVEC
  Common segment, address: 00000000 - 00000001 (0x2 bytes), align: 1
  Segment part 2. ROOT.
    -------------------------------------------------------------------------
RCODE
  Relative segment, address: 000000E0 - 0000010E (0x2f bytes), align: 0
  Segment part 3. ROOT.       Intra module refs:   Segment part 2
           ENTRY                   ADDRESS         REF BY
           =====                   =======         ======
           ?C_STARTUP              000000E0 
           @cstart                 000000E0 
           __program_start         000000E0        Absolute parts (?ABS_ENTRY_MOD)

    -------------------------------------------------------------------------
  LIBRARY MODULE, NAME : ?__INIT_FAR_Z

  SEGMENTS IN THE MODULE
  ======================
FAR_Z
  Relative segment, address: 000FEF08, align: 0
  Segment part 1. ROOT.

    -------------------------------------------------------------------------
  LIBRARY MODULE, NAME : ?__INIT_NEAR_Z

  SEGMENTS IN THE MODULE
  ======================
NEAR_Z
  Relative segment, address: 000FEF08, align: 0
  Segment part 1. ROOT.
    -------------------------------------------------------------------------
RCODE
  Relative segment, address: 0000010F - 00000121 (0x13 bytes), align: 0
  Segment part 2.
           ENTRY                   ADDRESS         REF BY
           =====                   =======         ======
           __INIT_NEAR_Z           0000010F        Segment part 2 (?cppinit)
                                                   distance (exemplo11_4)
                                                   interval (exemplo11_4)

    -------------------------------------------------------------------------
  LIBRARY MODULE, NAME : ?__INIT_SADDR_Z

  SEGMENTS IN THE MODULE
  ======================
SADDR_Z
  Relative segment, address: 000FFE21, align: 0
  Segment part 1. ROOT.
    -------------------------------------------------------------------------
RCODE
  Relative segment, address: 00000122 - 0000012C (0xb bytes), align: 0
  Segment part 2.
           ENTRY                   ADDRESS         REF BY
           =====                   =======         ======
           __INIT_SADDR_Z          00000122        bits (exemplo11_4)

    -------------------------------------------------------------------------
  LIBRARY MODULE, NAME : ?__MAIN_CALL

  SEGMENTS IN THE MODULE
  ======================
RCODE
  Relative segment, address: 0000012D - 00000132 (0x6 bytes), align: 0
  Segment part 1.
           ENTRY                   ADDRESS         REF BY
           =====                   =======         ======
           @cend                   00000133 
           __MAIN_CALL             0000012D        Segment part 3 (?CSTARTUP)

    -------------------------------------------------------------------------
  LIBRARY MODULE, NAME : ?__low_level_init_stub

  SEGMENTS IN THE MODULE
  ======================
RCODE
  Relative segment, address: 00000133 - 00000136 (0x4 bytes), align: 0
  Segment part 1.
           ENTRY                   ADDRESS         REF BY
           =====                   =======         ======
           __low_level_init        00000133        Segment part 3 (?CSTARTUP)

    -------------------------------------------------------------------------
  LIBRARY MODULE, NAME : ?exit

  SEGMENTS IN THE MODULE
  ======================
CODE
  Relative segment, address: 000005ED - 000005EF (0x3 bytes), align: 0
  Segment part 2.
           ENTRY                   ADDRESS         REF BY
           =====                   =======         ======
           exit                    000005ED        Segment part 1 (?__MAIN_CALL)
               calls direct

    -------------------------------------------------------------------------
  PROGRAM MODULE, NAME : m_fcom5

  SEGMENTS IN THE MODULE
  ======================
__aseg
  Relative segment, address: 00000000, align: 0
  Segment part 1. ROOT.

    -------------------------------------------------------------------------
  LIBRARY MODULE, NAME : ?CLRL78_V1_0_L00

Absolute parts
           ENTRY                   ADDRESS         REF BY
           =====                   =======         ======
           ?CLRL78_V1_0_L00        FFFFFFFF        LCD_delay_ms (exemplo11_4)
                                                   LCD_init (exemplo11_4)
                                                   LCD_pos_xy (exemplo11_4)
                                                   LCD_send4 (exemplo11_4)
                                                   LCD_send8 (exemplo11_4)
                                                   LCD_write_char (exemplo11_4)
                                                   LCD_write_frac_int (exemplo11_4)
                                                   LCD_write_string (exemplo11_4)
                                                   SYS_init (exemplo11_4)
                                                   TAU_init (exemplo11_4)
                                                   __DebugBreak (?__dbg_break)
                                                   __call_dtors (?cppinit)
                                                   __exit (?__exit)
                                                   exit (?exit)
                                                   main (exemplo11_4)
                                                   trata_TAU0_canal0 (exemplo11_4)
                                                   trata_TAU0_canal4 (exemplo11_4)
  SEGMENTS IN THE MODULE
  ======================
__aseg
  Relative segment, address: 00000000, align: 0
  Segment part 1. ROOT.

    -------------------------------------------------------------------------
  LIBRARY MODULE, NAME : ?UCHAR_DIVUW_L01

  SEGMENTS IN THE MODULE
  ======================
__aseg
  Relative segment, address: 00000000, align: 0
  Segment part 1. ROOT.
    -------------------------------------------------------------------------
RCODE
  Relative segment, address: 00000137 - 0000019B (0x65 bytes), align: 0
  Segment part 2.
           ENTRY                   ADDRESS         REF BY
           =====                   =======         ======
           ?DIVUW_L01              00000137        ?INT_DIV_MOD_L02 (?INT_DIV_MOD_L02)

    -------------------------------------------------------------------------
  LIBRARY MODULE, NAME : ?UINT_DIV_L02

  SEGMENTS IN THE MODULE
  ======================
__aseg
  Relative segment, address: 00000000, align: 0
  Segment part 1. ROOT.
    -------------------------------------------------------------------------
RCODE
  Relative segment, address: 0000019C - 000001A3 (0x8 bytes), align: 0
  Segment part 2.
           ENTRY                   ADDRESS         REF BY
           =====                   =======         ======
           ?UI_DIV_L02             0000019C        LCD_write_frac_int (exemplo11_4)

    -------------------------------------------------------------------------
  LIBRARY MODULE, NAME : ?INT_DIV_MOD_L02

  SEGMENTS IN THE MODULE
  ======================
__aseg
  Relative segment, address: 00000000, align: 0
  Segment part 1. ROOT.
    -------------------------------------------------------------------------
RCODE
  Relative segment, address: 000001A4 - 000001D8 (0x35 bytes), align: 0
  Segment part 2.
           ENTRY                   ADDRESS         REF BY
           =====                   =======         ======
           ?INT_DIV_MOD_L02        000001A4        ?UI_DIV_L02 (?UINT_DIV_L02)

    -------------------------------------------------------------------------
  LIBRARY MODULE, NAME : ?LONG_MUL_L03

  SEGMENTS IN THE MODULE
  ======================
__aseg
  Relative segment, address: 00000000, align: 0
  Segment part 1. ROOT.
    -------------------------------------------------------------------------
RCODE
  Relative segment, address: 000001D9 - 00000246 (0x6e bytes), align: 0
  Segment part 2.
           ENTRY                   ADDRESS         REF BY
           =====                   =======         ======
           ?L_MUL_L03              000001D9        main (exemplo11_4)

    -------------------------------------------------------------------------
  LIBRARY MODULE, NAME : ?SLONG_DIV_L03

  SEGMENTS IN THE MODULE
  ======================
__aseg
  Relative segment, address: 00000000, align: 0
  Segment part 1. ROOT.
    -------------------------------------------------------------------------
RCODE
  Relative segment, address: 00000247 - 00000281 (0x3b bytes), align: 0
  Segment part 2.
           ENTRY                   ADDRESS         REF BY
           =====                   =======         ======
           ?SL_DIV_L03             00000247        main (exemplo11_4)

    -------------------------------------------------------------------------
  LIBRARY MODULE, NAME : ?ULONG_CMP_L03

  SEGMENTS IN THE MODULE
  ======================
__aseg
  Relative segment, address: 00000000, align: 0
  Segment part 1. ROOT.

    -------------------------------------------------------------------------
  LIBRARY MODULE, NAME : ?LONG_LOAD_DIV_MOD_L03

  SEGMENTS IN THE MODULE
  ======================
__aseg
  Relative segment, address: 00000000, align: 0
  Segment part 1. ROOT.
    -------------------------------------------------------------------------
RCODE
  Relative segment, address: 00000282 - 00000291 (0x10 bytes), align: 0
  Segment part 2.
           ENTRY                   ADDRESS         REF BY
           =====                   =======         ======
           ?LONG_LOAD_DIV_MOD_L03
                                   00000282        ?SL_DIV_L03 (?SLONG_DIV_L03)

    -------------------------------------------------------------------------
  LIBRARY MODULE, NAME : ?LONG_NEGATE_DIV_MOD_L03

  SEGMENTS IN THE MODULE
  ======================
__aseg
  Relative segment, address: 00000000, align: 0
  Segment part 1. ROOT.
    -------------------------------------------------------------------------
RCODE
  Relative segment, address: 00000292 - 000002A8 (0x17 bytes), align: 0
  Segment part 2.
           ENTRY                   ADDRESS         REF BY
           =====                   =======         ======
           ?LONG_NEGATE_DIV_MOD_L03
                                   00000292        ?SL_DIV_L03 (?SLONG_DIV_L03)

    -------------------------------------------------------------------------
  LIBRARY MODULE, NAME : ?LONG_NEGATE2_DIV_MOD_L03

  SEGMENTS IN THE MODULE
  ======================
__aseg
  Relative segment, address: 00000000, align: 0
  Segment part 1. ROOT.
    -------------------------------------------------------------------------
RCODE
  Relative segment, address: 000002A9 - 000002C0 (0x18 bytes), align: 0
  Segment part 2.
           ENTRY                   ADDRESS         REF BY
           =====                   =======         ======
           ?LONG_NEGATE2_DIV_MOD_L03
                                   000002A9        ?SL_DIV_L03 (?SLONG_DIV_L03)

    -------------------------------------------------------------------------
  LIBRARY MODULE, NAME : ?LONG_DIV_L03

  SEGMENTS IN THE MODULE
  ======================
__aseg
  Relative segment, address: 00000000, align: 0
  Segment part 1. ROOT.
    -------------------------------------------------------------------------
RCODE
  Relative segment, address: 000002C1 - 0000034D (0x8d bytes), align: 0
  Segment part 2.
           ENTRY                   ADDRESS         REF BY
           =====                   =======         ======
           ?LONG_DIV_L03           000002C1        ?SL_DIV_L03 (?SLONG_DIV_L03)

    -------------------------------------------------------------------------
  LIBRARY MODULE, NAME : ?FUNCTION_LEAVE_L06

  SEGMENTS IN THE MODULE
  ======================
__aseg
  Relative segment, address: 00000000, align: 0
  Segment part 1. ROOT.

    -------------------------------------------------------------------------
  LIBRARY MODULE, NAME : ?MOVE_LONG_OBJECT_L06

  SEGMENTS IN THE MODULE
  ======================
__aseg
  Relative segment, address: 00000000, align: 0
  Segment part 1. ROOT.

    -------------------------------------------------------------------------
  LIBRARY MODULE, NAME : ?LONG_FLOAT_DEALLOC_L06

  SEGMENTS IN THE MODULE
  ======================
__aseg
  Relative segment, address: 00000000, align: 0
  Segment part 1. ROOT.
    -------------------------------------------------------------------------
RCODE
  Relative segment, address: 0000034E - 0000037D (0x30 bytes), align: 0
  Segment part 2.
           ENTRY                   ADDRESS         REF BY
           =====                   =======         ======
           ?0EL_F_DEALLOC_L06      0000037D 
           ?0SL_F_DEALLOC_L06      0000034E 
           ?L_F_DEALLOC_L06        0000034E        ?L_MUL_L03 (?LONG_MUL_L03)
                                                   ?SL_DIV_L03 (?SLONG_DIV_L03)

    -------------------------------------------------------------------------
  LIBRARY MODULE, NAME : ?LONG_FLOAT_DEALLOC_STAT_L06

  SEGMENTS IN THE MODULE
  ======================
__aseg
  Relative segment, address: 00000000, align: 0
  Segment part 1. ROOT.

    -------------------------------------------------------------------------
  LIBRARY MODULE, NAME : ?WRKSEG_DEFINE_L09

  SEGMENTS IN THE MODULE
  ======================
__aseg
  Relative segment, address: 00000000, align: 0
  Segment part 1. ROOT.

    -------------------------------------------------------------------------
  PROGRAM MODULE, NAME : m_fcom6

  SEGMENTS IN THE MODULE
  ======================
__aseg
  Relative segment, address: 00000000, align: 0
  Segment part 1. ROOT.




                ****************************************
                *                                      *
                *            MODULE SUMMARY            *
                *                                      *
                ****************************************

Module                      CODE      DATA      CONST
------                      ----      ----      -----
                           (Rel)  (Rel)  (Abs)  (Rel)
?CSTARTUP                     47
  + common                     2
?INT_DIV_MOD_L02              53
?LONG_DIV_L03                141
?LONG_FLOAT_DEALLOC_L06       48
?LONG_LOAD_DIV_MOD_L03        16
?LONG_MUL_L03                110
?LONG_NEGATE2_DIV_MOD_L03     24
?LONG_NEGATE_DIV_MOD_L03      23
?SLONG_DIV_L03                59
?UCHAR_DIVUW_L01             101
?UINT_DIV_L02                  8
?__INIT_NEAR_Z                19
?__INIT_SADDR_Z               11
?__MAIN_CALL                   6
?__dbg_break                   3
?__exit                       16
?__low_level_init_stub         4
?_exit                         8
?cppinit                      46      2
?exit                          3
exemplo11_4                  572      7     21     24
  + common                    68
N/A (command line)                  128
N/A (alignment)
----------                 -----    ---     --     --
Total:                     1 318    137     21     24
  + common                    68


                ****************************************
                *                                      *
                *      SEGMENTS IN ADDRESS ORDER       *
                *                                      *
                ****************************************


SEGMENT              SPACE    START ADDRESS   END ADDRESS     SIZE  TYPE  ALIGN
=======              =====    =============   ===========     ====  ====  =====
__aseg                                  00000000                     rel    0
INTVEC                             00000000 - 00000043          44   com    1
OPTBYTE                            000000C0 - 000000C3           4   rel    0
SECUID                             000000C4 - 000000CD           A   rel    1
RCODE                              000000D8 - 0000037D         2A6   rel    0
CODE                               0000037E - 000005EF         272   rel    0
NEAR_CONST                         00002000 - 00002017          18   rel    1
NEAR_A                             000F00F0 - 000F00F0           1   rel    0
                                   000F0190 - 000F0191           2 
                                   000F0198 - 000F0199           2 
                                   000F01B2 - 000F01B3           2 
                                   000F01B6 - 000F01B7           2 
NEAR_I                                  000FEF00                     dse    0
NEAR_Z                             000FEF00 - 000FEF07           8   rel    1
FAR_Z                                   000FEF08                     rel    0
CSTACK                             000FEF08 - 000FEF87          80   rel    1
SADDR_I                                 000FFE20                     dse    0
SADDR_Z                            000FFE20 - 000FFE20           1   rel    0
SADDR_A                            000FFF04 - 000FFF05           2   rel    0
                                   000FFF07 - 000FFF07           1 
                                   000FFF18 - 000FFF19           2 
NEAR_A                             000FFF24 - 000FFF25           2   rel    0
                                   000FFF27 - 000FFF27           1 
                                   000FFF68 - 000FFF69           2 
NEAR_A                             000FFFE6 - 000FFFE7           2   rel    0

                ****************************************
                *                                      *
                *        END OF CROSS REFERENCE        *
                *                                      *
                ****************************************

 1 386 bytes of CODE  memory
   137 bytes of DATA  memory (+ 21 absolute )
    24 bytes of CONST memory

Errors: none
Warnings: none

